// Jest Snapshot v1, https://goo.gl/fbAQLP

exports[`Pruebas en <GifExpertApp /> 01 debe hacer match con el snapshot 1`] = `
<div>
  <h1>
    Gif Expert App
  </h1>
  <form
    aria-label="formulario"
  >
    <input
      placeholder="Buscar GIFs"
      type="text"
      value=""
    />
  </form>
  <div>
    <h4>
      Goku
    </h4>
    <div>
      <svg
        data-testid="infinity-spin"
        height="100"
        viewBox="0 0 200 100"
        width="200"
        xmlns="http://www.w3.org/2000/svg"
      >
        <path
          class="sc-bcXHqe fbAoTF"
          d="M93.9,46.4c9.3,9.5,13.8,17.9,23.5,17.9s17.5-7.8,17.5-17.5s-7.8-17.6-17.5-17.5c-9.7,0.1-13.3,7.2-22.1,17.1 c-8.9,8.8-15.7,17.9-25.4,17.9s-17.5-7.8-17.5-17.5s7.8-17.5,17.5-17.5S86.2,38.6,93.9,46.4z"
          data-testid="infinity-spin-path-1"
          fill="none"
          stroke="#4fa94d"
          stroke-linecap="round"
          stroke-linejoin="round"
          stroke-miterlimit="10"
          stroke-width="4"
        />
        <path
          d="M93.9,46.4c9.3,9.5,13.8,17.9,23.5,17.9s17.5-7.8,17.5-17.5s-7.8-17.6-17.5-17.5c-9.7,0.1-13.3,7.2-22.1,17.1 c-8.9,8.8-15.7,17.9-25.4,17.9s-17.5-7.8-17.5-17.5s7.8-17.5,17.5-17.5S86.2,38.6,93.9,46.4z"
          data-testid="infinity-spin-path-2"
          fill="none"
          opacity="0.07"
          stroke="#4fa94d"
          stroke-linecap="round"
          stroke-linejoin="round"
          stroke-miterlimit="10"
          stroke-width="4"
        />
      </svg>
    </div>
  </div>
</div>
`;
